
> ilc-members-manager@0.0.0 test /Users/ldixon/code/zxd/ilc-members-manager
> pnpm test:once


> ilc-members-manager@0.0.0 test:once /Users/ldixon/code/zxd/ilc-members-manager
> vitest run --no-color


 RUN  v4.0.18 /Users/ldixon/code/zxd/ilc-members-manager

 ✓ src/app/find-an-instructor/find-an-instructor.spec.ts (1 test) 124ms
 ❯ src/app/order-view/order-view.spec.ts (1 test | 1 failed) 119ms
     × should create 118ms
 ❯ src/app/grading-edit/grading-edit.spec.ts (3 tests | 3 failed) 186ms
     × should create 167ms
     × should start collapsed 11ms
     × should show edit controls for admin users 7ms
stderr | src/app/school-list/school-list.spec.ts > SchoolListComponent > should create
NG0955: The provided track expression resulted in duplicated keys for a given collection. Adjust the tracking expression such that it uniquely identifies all the items in the collection. Duplicated keys were: 
key "" at index "0" and "1", 
key "" at index "1" and "2", 
key "" at index "2" and "3", 
key "" at index "3" and "4", 
key "" at index "4" and "5", 
key "" at index "5" and "6", 
key "" at index "6" and "7", 
key "" at index "7" and "8", 
key "" at index "8" and "9", 
key "" at index "9" and "10", 
key "" at index "10" and "11", 
key "" at index "11" and "12", 
key "" at index "12" and "13", 
key "" at index "13" and "14", 
key "" at index "14" and "15", 
key "" at index "15" and "16", 
key "" at index "16" and "17", 
key "" at index "17" and "18", 
key "" at index "18" and "19", 
key "" at index "19" and "20", 
key "" at index "20" and "21", 
key "" at index "21" and "22", 
key "" at index "22" and "23", 
key "" at index "23" and "24", 
key "" at index "24" and "25", 
key "" at index "25" and "26", 
key "" at index "26" and "27", 
key "" at index "27" and "28", 
key "" at index "28" and "29", 
key "" at index "29" and "30", 
key "" at index "30" and "31", 
key "" at index "31" and "32", 
key "" at index "32" and "33", 
key "" at index "33" and "34", 
key "" at index "34" and "35", 
key "" at index "35" and "36", 
key "" at index "36" and "37", 
key "" at index "37" and "38", 
key "" at index "38" and "39", 
key "" at index "39" and "40", 
key "" at index "40" and "41", 
key "" at index "41" and "42", 
key "" at index "42" and "43", 
key "" at index "43" and "44", 
key "" at index "44" and "45", 
key "" at index "45" and "46", 
key "" at index "46" and "47", 
key "" at index "47" and "48", 
key "" at index "48" and "49". Find more at https://v21.angular.dev/errors/NG0955

stderr | src/app/school-list/school-list.spec.ts > SchoolListComponent > should limit schools to 50 initially
NG0955: The provided track expression resulted in duplicated keys for a given collection. Adjust the tracking expression such that it uniquely identifies all the items in the collection. Duplicated keys were: 
key "" at index "0" and "1", 
key "" at index "1" and "2", 
key "" at index "2" and "3", 
key "" at index "3" and "4", 
key "" at index "4" and "5", 
key "" at index "5" and "6", 
key "" at index "6" and "7", 
key "" at index "7" and "8", 
key "" at index "8" and "9", 
key "" at index "9" and "10", 
key "" at index "10" and "11", 
key "" at index "11" and "12", 
key "" at index "12" and "13", 
key "" at index "13" and "14", 
key "" at index "14" and "15", 
key "" at index "15" and "16", 
key "" at index "16" and "17", 
key "" at index "17" and "18", 
key "" at index "18" and "19", 
key "" at index "19" and "20", 
key "" at index "20" and "21", 
key "" at index "21" and "22", 
key "" at index "22" and "23", 
key "" at index "23" and "24", 
key "" at index "24" and "25", 
key "" at index "25" and "26", 
key "" at index "26" and "27", 
key "" at index "27" and "28", 
key "" at index "28" and "29", 
key "" at index "29" and "30", 
key "" at index "30" and "31", 
key "" at index "31" and "32", 
key "" at index "32" and "33", 
key "" at index "33" and "34", 
key "" at index "34" and "35", 
key "" at index "35" and "36", 
key "" at index "36" and "37", 
key "" at index "37" and "38", 
key "" at index "38" and "39", 
key "" at index "39" and "40", 
key "" at index "40" and "41", 
key "" at index "41" and "42", 
key "" at index "42" and "43", 
key "" at index "43" and "44", 
key "" at index "44" and "45", 
key "" at index "45" and "46", 
key "" at index "46" and "47", 
key "" at index "47" and "48", 
key "" at index "48" and "49". Find more at https://v21.angular.dev/errors/NG0955

stderr | src/app/member-list/member-list.spec.ts > MemberListComponent > should create
NG0955: The provided track expression resulted in duplicated keys for a given collection. Adjust the tracking expression such that it uniquely identifies all the items in the collection. Duplicated keys were: 
key "" at index "0" and "1", 
key "" at index "1" and "2", 
key "" at index "2" and "3", 
key "" at index "3" and "4", 
key "" at index "4" and "5", 
key "" at index "5" and "6", 
key "" at index "6" and "7", 
key "" at index "7" and "8", 
key "" at index "8" and "9", 
key "" at index "9" and "10", 
key "" at index "10" and "11", 
key "" at index "11" and "12", 
key "" at index "12" and "13", 
key "" at index "13" and "14", 
key "" at index "14" and "15", 
key "" at index "15" and "16", 
key "" at index "16" and "17", 
key "" at index "17" and "18", 
key "" at index "18" and "19", 
key "" at index "19" and "20", 
key "" at index "20" and "21", 
key "" at index "21" and "22", 
key "" at index "22" and "23", 
key "" at index "23" and "24", 
key "" at index "24" and "25", 
key "" at index "25" and "26", 
key "" at index "26" and "27", 
key "" at index "27" and "28", 
key "" at index "28" and "29", 
key "" at index "29" and "30", 
key "" at index "30" and "31", 
key "" at index "31" and "32", 
key "" at index "32" and "33", 
key "" at index "33" and "34", 
key "" at index "34" and "35", 
key "" at index "35" and "36", 
key "" at index "36" and "37", 
key "" at index "37" and "38", 
key "" at index "38" and "39", 
key "" at index "39" and "40", 
key "" at index "40" and "41", 
key "" at index "41" and "42", 
key "" at index "42" and "43", 
key "" at index "43" and "44", 
key "" at index "44" and "45", 
key "" at index "45" and "46", 
key "" at index "46" and "47", 
key "" at index "47" and "48", 
key "" at index "48" and "49". Find more at https://v21.angular.dev/errors/NG0955

stderr | src/app/school-list/school-list.spec.ts > SchoolListComponent > should show all schools when showAll is called
NG0955: The provided track expression resulted in duplicated keys for a given collection. Adjust the tracking expression such that it uniquely identifies all the items in the collection. Duplicated keys were: 
key "" at index "0" and "1", 
key "" at index "1" and "2", 
key "" at index "2" and "3", 
key "" at index "3" and "4", 
key "" at index "4" and "5", 
key "" at index "5" and "6", 
key "" at index "6" and "7", 
key "" at index "7" and "8", 
key "" at index "8" and "9", 
key "" at index "9" and "10", 
key "" at index "10" and "11", 
key "" at index "11" and "12", 
key "" at index "12" and "13", 
key "" at index "13" and "14", 
key "" at index "14" and "15", 
key "" at index "15" and "16", 
key "" at index "16" and "17", 
key "" at index "17" and "18", 
key "" at index "18" and "19", 
key "" at index "19" and "20", 
key "" at index "20" and "21", 
key "" at index "21" and "22", 
key "" at index "22" and "23", 
key "" at index "23" and "24", 
key "" at index "24" and "25", 
key "" at index "25" and "26", 
key "" at index "26" and "27", 
key "" at index "27" and "28", 
key "" at index "28" and "29", 
key "" at index "29" and "30", 
key "" at index "30" and "31", 
key "" at index "31" and "32", 
key "" at index "32" and "33", 
key "" at index "33" and "34", 
key "" at index "34" and "35", 
key "" at index "35" and "36", 
key "" at index "36" and "37", 
key "" at index "37" and "38", 
key "" at index "38" and "39", 
key "" at index "39" and "40", 
key "" at index "40" and "41", 
key "" at index "41" and "42", 
key "" at index "42" and "43", 
key "" at index "43" and "44", 
key "" at index "44" and "45", 
key "" at index "45" and "46", 
key "" at index "46" and "47", 
key "" at index "47" and "48", 
key "" at index "48" and "49". Find more at https://v21.angular.dev/errors/NG0955

stderr | src/app/school-list/school-list.spec.ts > SchoolListComponent > should show all schools when showAll is called
NG0955: The provided track expression resulted in duplicated keys for a given collection. Adjust the tracking expression such that it uniquely identifies all the items in the collection. Duplicated keys were: 
key "" at index "0" and "1", 
key "" at index "1" and "2", 
key "" at index "2" and "3", 
key "" at index "3" and "4", 
key "" at index "4" and "5", 
key "" at index "5" and "6", 
key "" at index "6" and "7", 
key "" at index "7" and "8", 
key "" at index "8" and "9", 
key "" at index "9" and "10", 
key "" at index "10" and "11", 
key "" at index "11" and "12", 
key "" at index "12" and "13", 
key "" at index "13" and "14", 
key "" at index "14" and "15", 
key "" at index "15" and "16", 
key "" at index "16" and "17", 
key "" at index "17" and "18", 
key "" at index "18" and "19", 
key "" at index "19" and "20", 
key "" at index "20" and "21", 
key "" at index "21" and "22", 
key "" at index "22" and "23", 
key "" at index "23" and "24", 
key "" at index "24" and "25", 
key "" at index "25" and "26", 
key "" at index "26" and "27", 
key "" at index "27" and "28", 
key "" at index "28" and "29", 
key "" at index "29" and "30", 
key "" at index "30" and "31", 
key "" at index "31" and "32", 
key "" at index "32" and "33", 
key "" at index "33" and "34", 
key "" at index "34" and "35", 
key "" at index "35" and "36", 
key "" at index "36" and "37", 
key "" at index "37" and "38", 
key "" at index "38" and "39", 
key "" at index "39" and "40", 
key "" at index "40" and "41", 
key "" at index "41" and "42", 
key "" at index "42" and "43", 
key "" at index "43" and "44", 
key "" at index "44" and "45", 
key "" at index "45" and "46", 
key "" at index "46" and "47", 
key "" at index "47" and "48", 
key "" at index "48" and "49". Find more at https://v21.angular.dev/errors/NG0955
NG0955: The provided track expression resulted in duplicated keys for a given collection. Adjust the tracking expression such that it uniquely identifies all the items in the collection. Duplicated keys were: 
key "" at index "0" and "1", 
key "" at index "1" and "2", 
key "" at index "2" and "3", 
key "" at index "3" and "4", 
key "" at index "4" and "5", 
key "" at index "5" and "6", 
key "" at index "6" and "7", 
key "" at index "7" and "8", 
key "" at index "8" and "9", 
key "" at index "9" and "10", 
key "" at index "10" and "11", 
key "" at index "11" and "12", 
key "" at index "12" and "13", 
key "" at index "13" and "14", 
key "" at index "14" and "15", 
key "" at index "15" and "16", 
key "" at index "16" and "17", 
key "" at index "17" and "18", 
key "" at index "18" and "19", 
key "" at index "19" and "20", 
key "" at index "20" and "21", 
key "" at index "21" and "22", 
key "" at index "22" and "23", 
key "" at index "23" and "24", 
key "" at index "24" and "25", 
key "" at index "25" and "26", 
key "" at index "26" and "27", 
key "" at index "27" and "28", 
key "" at index "28" and "29", 
key "" at index "29" and "30", 
key "" at index "30" and "31", 
key "" at index "31" and "32", 
key "" at index "32" and "33", 
key "" at index "33" and "34", 
key "" at index "34" and "35", 
key "" at index "35" and "36", 
key "" at index "36" and "37", 
key "" at index "37" and "38", 
key "" at index "38" and "39", 
key "" at index "39" and "40", 
key "" at index "40" and "41", 
key "" at index "41" and "42", 
key "" at index "42" and "43", 
key "" at index "43" and "44", 
key "" at index "44" and "45", 
key "" at index "45" and "46", 
key "" at index "46" and "47", 
key "" at index "47" and "48", 
key "" at index "48" and "49", 
key "" at index "49" and "50", 
key "" at index "50" and "51", 
key "" at index "51" and "52", 
key "" at index "52" and "53", 
key "" at index "53" and "54", 
key "" at index "54" and "55", 
key "" at index "55" and "56", 
key "" at index "56" and "57", 
key "" at index "57" and "58", 
key "" at index "58" and "59". Find more at https://v21.angular.dev/errors/NG0955

stderr | src/app/member-list/member-list.spec.ts > MemberListComponent > should limit members to 50 initially
NG0955: The provided track expression resulted in duplicated keys for a given collection. Adjust the tracking expression such that it uniquely identifies all the items in the collection. Duplicated keys were: 
key "" at index "0" and "1", 
key "" at index "1" and "2", 
key "" at index "2" and "3", 
key "" at index "3" and "4", 
key "" at index "4" and "5", 
key "" at index "5" and "6", 
key "" at index "6" and "7", 
key "" at index "7" and "8", 
key "" at index "8" and "9", 
key "" at index "9" and "10", 
key "" at index "10" and "11", 
key "" at index "11" and "12", 
key "" at index "12" and "13", 
key "" at index "13" and "14", 
key "" at index "14" and "15", 
key "" at index "15" and "16", 
key "" at index "16" and "17", 
key "" at index "17" and "18", 
key "" at index "18" and "19", 
key "" at index "19" and "20", 
key "" at index "20" and "21", 
key "" at index "21" and "22", 
key "" at index "22" and "23", 
key "" at index "23" and "24", 
key "" at index "24" and "25", 
key "" at index "25" and "26", 
key "" at index "26" and "27", 
key "" at index "27" and "28", 
key "" at index "28" and "29", 
key "" at index "29" and "30", 
key "" at index "30" and "31", 
key "" at index "31" and "32", 
key "" at index "32" and "33", 
key "" at index "33" and "34", 
key "" at index "34" and "35", 
key "" at index "35" and "36", 
key "" at index "36" and "37", 
key "" at index "37" and "38", 
key "" at index "38" and "39", 
key "" at index "39" and "40", 
key "" at index "40" and "41", 
key "" at index "41" and "42", 
key "" at index "42" and "43", 
key "" at index "43" and "44", 
key "" at index "44" and "45", 
key "" at index "45" and "46", 
key "" at index "46" and "47", 
key "" at index "47" and "48", 
key "" at index "48" and "49". Find more at https://v21.angular.dev/errors/NG0955

stderr | src/app/school-list/school-list.spec.ts > SchoolListComponent > should reset limit to 50 when search is performed
NG0955: The provided track expression resulted in duplicated keys for a given collection. Adjust the tracking expression such that it uniquely identifies all the items in the collection. Duplicated keys were: 
key "" at index "0" and "1", 
key "" at index "1" and "2", 
key "" at index "2" and "3", 
key "" at index "3" and "4", 
key "" at index "4" and "5", 
key "" at index "5" and "6", 
key "" at index "6" and "7", 
key "" at index "7" and "8", 
key "" at index "8" and "9", 
key "" at index "9" and "10", 
key "" at index "10" and "11", 
key "" at index "11" and "12", 
key "" at index "12" and "13", 
key "" at index "13" and "14", 
key "" at index "14" and "15", 
key "" at index "15" and "16", 
key "" at index "16" and "17", 
key "" at index "17" and "18", 
key "" at index "18" and "19", 
key "" at index "19" and "20", 
key "" at index "20" and "21", 
key "" at index "21" and "22", 
key "" at index "22" and "23", 
key "" at index "23" and "24", 
key "" at index "24" and "25", 
key "" at index "25" and "26", 
key "" at index "26" and "27", 
key "" at index "27" and "28", 
key "" at index "28" and "29", 
key "" at index "29" and "30", 
key "" at index "30" and "31", 
key "" at index "31" and "32", 
key "" at index "32" and "33", 
key "" at index "33" and "34", 
key "" at index "34" and "35", 
key "" at index "35" and "36", 
key "" at index "36" and "37", 
key "" at index "37" and "38", 
key "" at index "38" and "39", 
key "" at index "39" and "40", 
key "" at index "40" and "41", 
key "" at index "41" and "42", 
key "" at index "42" and "43", 
key "" at index "43" and "44", 
key "" at index "44" and "45", 
key "" at index "45" and "46", 
key "" at index "46" and "47", 
key "" at index "47" and "48", 
key "" at index "48" and "49". Find more at https://v21.angular.dev/errors/NG0955

stderr | src/app/school-list/school-list.spec.ts > SchoolListComponent > should reset limit to 50 when search is performed
NG0955: The provided track expression resulted in duplicated keys for a given collection. Adjust the tracking expression such that it uniquely identifies all the items in the collection. Duplicated keys were: 
key "" at index "0" and "1", 
key "" at index "1" and "2", 
key "" at index "2" and "3", 
key "" at index "3" and "4", 
key "" at index "4" and "5", 
key "" at index "5" and "6", 
key "" at index "6" and "7", 
key "" at index "7" and "8", 
key "" at index "8" and "9", 
key "" at index "9" and "10", 
key "" at index "10" and "11", 
key "" at index "11" and "12", 
key "" at index "12" and "13", 
key "" at index "13" and "14", 
key "" at index "14" and "15", 
key "" at index "15" and "16", 
key "" at index "16" and "17", 
key "" at index "17" and "18", 
key "" at index "18" and "19", 
key "" at index "19" and "20", 
key "" at index "20" and "21", 
key "" at index "21" and "22", 
key "" at index "22" and "23", 
key "" at index "23" and "24", 
key "" at index "24" and "25", 
key "" at index "25" and "26", 
key "" at index "26" and "27", 
key "" at index "27" and "28", 
key "" at index "28" and "29", 
key "" at index "29" and "30", 
key "" at index "30" and "31", 
key "" at index "31" and "32", 
key "" at index "32" and "33", 
key "" at index "33" and "34", 
key "" at index "34" and "35", 
key "" at index "35" and "36", 
key "" at index "36" and "37", 
key "" at index "37" and "38", 
key "" at index "38" and "39", 
key "" at index "39" and "40", 
key "" at index "40" and "41", 
key "" at index "41" and "42", 
key "" at index "42" and "43", 
key "" at index "43" and "44", 
key "" at index "44" and "45", 
key "" at index "45" and "46", 
key "" at index "46" and "47", 
key "" at index "47" and "48", 
key "" at index "48" and "49". Find more at https://v21.angular.dev/errors/NG0955
NG0955: The provided track expression resulted in duplicated keys for a given collection. Adjust the tracking expression such that it uniquely identifies all the items in the collection. Duplicated keys were: 
key "" at index "0" and "1", 
key "" at index "1" and "2", 
key "" at index "2" and "3", 
key "" at index "3" and "4", 
key "" at index "4" and "5", 
key "" at index "5" and "6", 
key "" at index "6" and "7", 
key "" at index "7" and "8", 
key "" at index "8" and "9", 
key "" at index "9" and "10", 
key "" at index "10" and "11", 
key "" at index "11" and "12", 
key "" at index "12" and "13", 
key "" at index "13" and "14", 
key "" at index "14" and "15", 
key "" at index "15" and "16", 
key "" at index "16" and "17", 
key "" at index "17" and "18", 
key "" at index "18" and "19", 
key "" at index "19" and "20", 
key "" at index "20" and "21", 
key "" at index "21" and "22", 
key "" at index "22" and "23", 
key "" at index "23" and "24", 
key "" at index "24" and "25", 
key "" at index "25" and "26", 
key "" at index "26" and "27", 
key "" at index "27" and "28", 
key "" at index "28" and "29", 
key "" at index "29" and "30", 
key "" at index "30" and "31", 
key "" at index "31" and "32", 
key "" at index "32" and "33", 
key "" at index "33" and "34", 
key "" at index "34" and "35", 
key "" at index "35" and "36", 
key "" at index "36" and "37", 
key "" at index "37" and "38", 
key "" at index "38" and "39", 
key "" at index "39" and "40", 
key "" at index "40" and "41", 
key "" at index "41" and "42", 
key "" at index "42" and "43", 
key "" at index "43" and "44", 
key "" at index "44" and "45", 
key "" at index "45" and "46", 
key "" at index "46" and "47", 
key "" at index "47" and "48", 
key "" at index "48" and "49", 
key "" at index "49" and "50", 
key "" at index "50" and "51", 
key "" at index "51" and "52", 
key "" at index "52" and "53", 
key "" at index "53" and "54", 
key "" at index "54" and "55", 
key "" at index "55" and "56", 
key "" at index "56" and "57", 
key "" at index "57" and "58", 
key "" at index "58" and "59". Find more at https://v21.angular.dev/errors/NG0955

 ✓ src/app/school-list/school-list.spec.ts (4 tests) 354ms
stderr | src/app/member-list/member-list.spec.ts > MemberListComponent > should show all members when showAll is called
NG0955: The provided track expression resulted in duplicated keys for a given collection. Adjust the tracking expression such that it uniquely identifies all the items in the collection. Duplicated keys were: 
key "" at index "0" and "1", 
key "" at index "1" and "2", 
key "" at index "2" and "3", 
key "" at index "3" and "4", 
key "" at index "4" and "5", 
key "" at index "5" and "6", 
key "" at index "6" and "7", 
key "" at index "7" and "8", 
key "" at index "8" and "9", 
key "" at index "9" and "10", 
key "" at index "10" and "11", 
key "" at index "11" and "12", 
key "" at index "12" and "13", 
key "" at index "13" and "14", 
key "" at index "14" and "15", 
key "" at index "15" and "16", 
key "" at index "16" and "17", 
key "" at index "17" and "18", 
key "" at index "18" and "19", 
key "" at index "19" and "20", 
key "" at index "20" and "21", 
key "" at index "21" and "22", 
key "" at index "22" and "23", 
key "" at index "23" and "24", 
key "" at index "24" and "25", 
key "" at index "25" and "26", 
key "" at index "26" and "27", 
key "" at index "27" and "28", 
key "" at index "28" and "29", 
key "" at index "29" and "30", 
key "" at index "30" and "31", 
key "" at index "31" and "32", 
key "" at index "32" and "33", 
key "" at index "33" and "34", 
key "" at index "34" and "35", 
key "" at index "35" and "36", 
key "" at index "36" and "37", 
key "" at index "37" and "38", 
key "" at index "38" and "39", 
key "" at index "39" and "40", 
key "" at index "40" and "41", 
key "" at index "41" and "42", 
key "" at index "42" and "43", 
key "" at index "43" and "44", 
key "" at index "44" and "45", 
key "" at index "45" and "46", 
key "" at index "46" and "47", 
key "" at index "47" and "48", 
key "" at index "48" and "49". Find more at https://v21.angular.dev/errors/NG0955

stderr | src/app/member-list/member-list.spec.ts > MemberListComponent > should show all members when showAll is called
NG0955: The provided track expression resulted in duplicated keys for a given collection. Adjust the tracking expression such that it uniquely identifies all the items in the collection. Duplicated keys were: 
key "" at index "0" and "1", 
key "" at index "1" and "2", 
key "" at index "2" and "3", 
key "" at index "3" and "4", 
key "" at index "4" and "5", 
key "" at index "5" and "6", 
key "" at index "6" and "7", 
key "" at index "7" and "8", 
key "" at index "8" and "9", 
key "" at index "9" and "10", 
key "" at index "10" and "11", 
key "" at index "11" and "12", 
key "" at index "12" and "13", 
key "" at index "13" and "14", 
key "" at index "14" and "15", 
key "" at index "15" and "16", 
key "" at index "16" and "17", 
key "" at index "17" and "18", 
key "" at index "18" and "19", 
key "" at index "19" and "20", 
key "" at index "20" and "21", 
key "" at index "21" and "22", 
key "" at index "22" and "23", 
key "" at index "23" and "24", 
key "" at index "24" and "25", 
key "" at index "25" and "26", 
key "" at index "26" and "27", 
key "" at index "27" and "28", 
key "" at index "28" and "29", 
key "" at index "29" and "30", 
key "" at index "30" and "31", 
key "" at index "31" and "32", 
key "" at index "32" and "33", 
key "" at index "33" and "34", 
key "" at index "34" and "35", 
key "" at index "35" and "36", 
key "" at index "36" and "37", 
key "" at index "37" and "38", 
key "" at index "38" and "39", 
key "" at index "39" and "40", 
key "" at index "40" and "41", 
key "" at index "41" and "42", 
key "" at index "42" and "43", 
key "" at index "43" and "44", 
key "" at index "44" and "45", 
key "" at index "45" and "46", 
key "" at index "46" and "47", 
key "" at index "47" and "48", 
key "" at index "48" and "49". Find more at https://v21.angular.dev/errors/NG0955
NG0955: The provided track expression resulted in duplicated keys for a given collection. Adjust the tracking expression such that it uniquely identifies all the items in the collection. Duplicated keys were: 
key "" at index "0" and "1", 
key "" at index "1" and "2", 
key "" at index "2" and "3", 
key "" at index "3" and "4", 
key "" at index "4" and "5", 
key "" at index "5" and "6", 
key "" at index "6" and "7", 
key "" at index "7" and "8", 
key "" at index "8" and "9", 
key "" at index "9" and "10", 
key "" at index "10" and "11", 
key "" at index "11" and "12", 
key "" at index "12" and "13", 
key "" at index "13" and "14", 
key "" at index "14" and "15", 
key "" at index "15" and "16", 
key "" at index "16" and "17", 
key "" at index "17" and "18", 
key "" at index "18" and "19", 
key "" at index "19" and "20", 
key "" at index "20" and "21", 
key "" at index "21" and "22", 
key "" at index "22" and "23", 
key "" at index "23" and "24", 
key "" at index "24" and "25", 
key "" at index "25" and "26", 
key "" at index "26" and "27", 
key "" at index "27" and "28", 
key "" at index "28" and "29", 
key "" at index "29" and "30", 
key "" at index "30" and "31", 
key "" at index "31" and "32", 
key "" at index "32" and "33", 
key "" at index "33" and "34", 
key "" at index "34" and "35", 
key "" at index "35" and "36", 
key "" at index "36" and "37", 
key "" at index "37" and "38", 
key "" at index "38" and "39", 
key "" at index "39" and "40", 
key "" at index "40" and "41", 
key "" at index "41" and "42", 
key "" at index "42" and "43", 
key "" at index "43" and "44", 
key "" at index "44" and "45", 
key "" at index "45" and "46", 
key "" at index "46" and "47", 
key "" at index "47" and "48", 
key "" at index "48" and "49", 
key "" at index "49" and "50", 
key "" at index "50" and "51", 
key "" at index "51" and "52", 
key "" at index "52" and "53", 
key "" at index "53" and "54", 
key "" at index "54" and "55", 
key "" at index "55" and "56", 
key "" at index "56" and "57", 
key "" at index "57" and "58", 
key "" at index "58" and "59". Find more at https://v21.angular.dev/errors/NG0955

stderr | src/app/member-list/member-list.spec.ts > MemberListComponent > should reset limit to 50 when search is performed
NG0955: The provided track expression resulted in duplicated keys for a given collection. Adjust the tracking expression such that it uniquely identifies all the items in the collection. Duplicated keys were: 
key "" at index "0" and "1", 
key "" at index "1" and "2", 
key "" at index "2" and "3", 
key "" at index "3" and "4", 
key "" at index "4" and "5", 
key "" at index "5" and "6", 
key "" at index "6" and "7", 
key "" at index "7" and "8", 
key "" at index "8" and "9", 
key "" at index "9" and "10", 
key "" at index "10" and "11", 
key "" at index "11" and "12", 
key "" at index "12" and "13", 
key "" at index "13" and "14", 
key "" at index "14" and "15", 
key "" at index "15" and "16", 
key "" at index "16" and "17", 
key "" at index "17" and "18", 
key "" at index "18" and "19", 
key "" at index "19" and "20", 
key "" at index "20" and "21", 
key "" at index "21" and "22", 
key "" at index "22" and "23", 
key "" at index "23" and "24", 
key "" at index "24" and "25", 
key "" at index "25" and "26", 
key "" at index "26" and "27", 
key "" at index "27" and "28", 
key "" at index "28" and "29", 
key "" at index "29" and "30", 
key "" at index "30" and "31", 
key "" at index "31" and "32", 
key "" at index "32" and "33", 
key "" at index "33" and "34", 
key "" at index "34" and "35", 
key "" at index "35" and "36", 
key "" at index "36" and "37", 
key "" at index "37" and "38", 
key "" at index "38" and "39", 
key "" at index "39" and "40", 
key "" at index "40" and "41", 
key "" at index "41" and "42", 
key "" at index "42" and "43", 
key "" at index "43" and "44", 
key "" at index "44" and "45", 
key "" at index "45" and "46", 
key "" at index "46" and "47", 
key "" at index "47" and "48", 
key "" at index "48" and "49". Find more at https://v21.angular.dev/errors/NG0955

stderr | src/app/member-list/member-list.spec.ts > MemberListComponent > should reset limit to 50 when search is performed
NG0955: The provided track expression resulted in duplicated keys for a given collection. Adjust the tracking expression such that it uniquely identifies all the items in the collection. Duplicated keys were: 
key "" at index "0" and "1", 
key "" at index "1" and "2", 
key "" at index "2" and "3", 
key "" at index "3" and "4", 
key "" at index "4" and "5", 
key "" at index "5" and "6", 
key "" at index "6" and "7", 
key "" at index "7" and "8", 
key "" at index "8" and "9", 
key "" at index "9" and "10", 
key "" at index "10" and "11", 
key "" at index "11" and "12", 
key "" at index "12" and "13", 
key "" at index "13" and "14", 
key "" at index "14" and "15", 
key "" at index "15" and "16", 
key "" at index "16" and "17", 
key "" at index "17" and "18", 
key "" at index "18" and "19", 
key "" at index "19" and "20", 
key "" at index "20" and "21", 
key "" at index "21" and "22", 
key "" at index "22" and "23", 
key "" at index "23" and "24", 
key "" at index "24" and "25", 
key "" at index "25" and "26", 
key "" at index "26" and "27", 
key "" at index "27" and "28", 
key "" at index "28" and "29", 
key "" at index "29" and "30", 
key "" at index "30" and "31", 
key "" at index "31" and "32", 
key "" at index "32" and "33", 
key "" at index "33" and "34", 
key "" at index "34" and "35", 
key "" at index "35" and "36", 
key "" at index "36" and "37", 
key "" at index "37" and "38", 
key "" at index "38" and "39", 
key "" at index "39" and "40", 
key "" at index "40" and "41", 
key "" at index "41" and "42", 
key "" at index "42" and "43", 
key "" at index "43" and "44", 
key "" at index "44" and "45", 
key "" at index "45" and "46", 
key "" at index "46" and "47", 
key "" at index "47" and "48", 
key "" at index "48" and "49". Find more at https://v21.angular.dev/errors/NG0955
NG0955: The provided track expression resulted in duplicated keys for a given collection. Adjust the tracking expression such that it uniquely identifies all the items in the collection. Duplicated keys were: 
key "" at index "0" and "1", 
key "" at index "1" and "2", 
key "" at index "2" and "3", 
key "" at index "3" and "4", 
key "" at index "4" and "5", 
key "" at index "5" and "6", 
key "" at index "6" and "7", 
key "" at index "7" and "8", 
key "" at index "8" and "9", 
key "" at index "9" and "10", 
key "" at index "10" and "11", 
key "" at index "11" and "12", 
key "" at index "12" and "13", 
key "" at index "13" and "14", 
key "" at index "14" and "15", 
key "" at index "15" and "16", 
key "" at index "16" and "17", 
key "" at index "17" and "18", 
key "" at index "18" and "19", 
key "" at index "19" and "20", 
key "" at index "20" and "21", 
key "" at index "21" and "22", 
key "" at index "22" and "23", 
key "" at index "23" and "24", 
key "" at index "24" and "25", 
key "" at index "25" and "26", 
key "" at index "26" and "27", 
key "" at index "27" and "28", 
key "" at index "28" and "29", 
key "" at index "29" and "30", 
key "" at index "30" and "31", 
key "" at index "31" and "32", 
key "" at index "32" and "33", 
key "" at index "33" and "34", 
key "" at index "34" and "35", 
key "" at index "35" and "36", 
key "" at index "36" and "37", 
key "" at index "37" and "38", 
key "" at index "38" and "39", 
key "" at index "39" and "40", 
key "" at index "40" and "41", 
key "" at index "41" and "42", 
key "" at index "42" and "43", 
key "" at index "43" and "44", 
key "" at index "44" and "45", 
key "" at index "45" and "46", 
key "" at index "46" and "47", 
key "" at index "47" and "48", 
key "" at index "48" and "49", 
key "" at index "49" and "50", 
key "" at index "50" and "51", 
key "" at index "51" and "52", 
key "" at index "52" and "53", 
key "" at index "53" and "54", 
key "" at index "54" and "55", 
key "" at index "55" and "56", 
key "" at index "56" and "57", 
key "" at index "57" and "58", 
key "" at index "58" and "59". Find more at https://v21.angular.dev/errors/NG0955

 ✓ src/app/member-list/member-list.spec.ts (4 tests) 443ms
     ✓ should create  333ms
 ✓ src/app/id-assignment/id-assignment.spec.ts (1 test) 140ms
 ✓ src/app/member-edit/member-edit.spec.ts (3 tests) 385ms
     ✓ should create  334ms
stderr | src/app/grading-list/grading-list.spec.ts > GradingListComponent > should create
NG0955: The provided track expression resulted in duplicated keys for a given collection. Adjust the tracking expression such that it uniquely identifies all the items in the collection. Duplicated keys were: 
key "" at index "0" and "1", 
key "" at index "1" and "2", 
key "" at index "2" and "3", 
key "" at index "3" and "4", 
key "" at index "4" and "5", 
key "" at index "5" and "6", 
key "" at index "6" and "7", 
key "" at index "7" and "8", 
key "" at index "8" and "9", 
key "" at index "9" and "10", 
key "" at index "10" and "11", 
key "" at index "11" and "12", 
key "" at index "12" and "13", 
key "" at index "13" and "14", 
key "" at index "14" and "15", 
key "" at index "15" and "16", 
key "" at index "16" and "17", 
key "" at index "17" and "18", 
key "" at index "18" and "19", 
key "" at index "19" and "20", 
key "" at index "20" and "21", 
key "" at index "21" and "22", 
key "" at index "22" and "23", 
key "" at index "23" and "24", 
key "" at index "24" and "25", 
key "" at index "25" and "26", 
key "" at index "26" and "27", 
key "" at index "27" and "28", 
key "" at index "28" and "29", 
key "" at index "29" and "30", 
key "" at index "30" and "31", 
key "" at index "31" and "32", 
key "" at index "32" and "33", 
key "" at index "33" and "34", 
key "" at index "34" and "35", 
key "" at index "35" and "36", 
key "" at index "36" and "37", 
key "" at index "37" and "38", 
key "" at index "38" and "39", 
key "" at index "39" and "40", 
key "" at index "40" and "41", 
key "" at index "41" and "42", 
key "" at index "42" and "43", 
key "" at index "43" and "44", 
key "" at index "44" and "45", 
key "" at index "45" and "46", 
key "" at index "46" and "47", 
key "" at index "47" and "48", 
key "" at index "48" and "49". Find more at https://v21.angular.dev/errors/NG0955

 ✓ src/app/school-members/school-members.spec.ts (1 test) 312ms
     ✓ should create  311ms
stderr | src/app/grading-list/grading-list.spec.ts > GradingListComponent > should limit gradings to 50 initially
NG0955: The provided track expression resulted in duplicated keys for a given collection. Adjust the tracking expression such that it uniquely identifies all the items in the collection. Duplicated keys were: 
key "" at index "0" and "1", 
key "" at index "1" and "2", 
key "" at index "2" and "3", 
key "" at index "3" and "4", 
key "" at index "4" and "5", 
key "" at index "5" and "6", 
key "" at index "6" and "7", 
key "" at index "7" and "8", 
key "" at index "8" and "9", 
key "" at index "9" and "10", 
key "" at index "10" and "11", 
key "" at index "11" and "12", 
key "" at index "12" and "13", 
key "" at index "13" and "14", 
key "" at index "14" and "15", 
key "" at index "15" and "16", 
key "" at index "16" and "17", 
key "" at index "17" and "18", 
key "" at index "18" and "19", 
key "" at index "19" and "20", 
key "" at index "20" and "21", 
key "" at index "21" and "22", 
key "" at index "22" and "23", 
key "" at index "23" and "24", 
key "" at index "24" and "25", 
key "" at index "25" and "26", 
key "" at index "26" and "27", 
key "" at index "27" and "28", 
key "" at index "28" and "29", 
key "" at index "29" and "30", 
key "" at index "30" and "31", 
key "" at index "31" and "32", 
key "" at index "32" and "33", 
key "" at index "33" and "34", 
key "" at index "34" and "35", 
key "" at index "35" and "36", 
key "" at index "36" and "37", 
key "" at index "37" and "38", 
key "" at index "38" and "39", 
key "" at index "39" and "40", 
key "" at index "40" and "41", 
key "" at index "41" and "42", 
key "" at index "42" and "43", 
key "" at index "43" and "44", 
key "" at index "44" and "45", 
key "" at index "45" and "46", 
key "" at index "46" and "47", 
key "" at index "47" and "48", 
key "" at index "48" and "49". Find more at https://v21.angular.dev/errors/NG0955

stderr | src/app/grading-list/grading-list.spec.ts > GradingListComponent > should show all gradings when showAll is called
NG0955: The provided track expression resulted in duplicated keys for a given collection. Adjust the tracking expression such that it uniquely identifies all the items in the collection. Duplicated keys were: 
key "" at index "0" and "1", 
key "" at index "1" and "2", 
key "" at index "2" and "3", 
key "" at index "3" and "4", 
key "" at index "4" and "5", 
key "" at index "5" and "6", 
key "" at index "6" and "7", 
key "" at index "7" and "8", 
key "" at index "8" and "9", 
key "" at index "9" and "10", 
key "" at index "10" and "11", 
key "" at index "11" and "12", 
key "" at index "12" and "13", 
key "" at index "13" and "14", 
key "" at index "14" and "15", 
key "" at index "15" and "16", 
key "" at index "16" and "17", 
key "" at index "17" and "18", 
key "" at index "18" and "19", 
key "" at index "19" and "20", 
key "" at index "20" and "21", 
key "" at index "21" and "22", 
key "" at index "22" and "23", 
key "" at index "23" and "24", 
key "" at index "24" and "25", 
key "" at index "25" and "26", 
key "" at index "26" and "27", 
key "" at index "27" and "28", 
key "" at index "28" and "29", 
key "" at index "29" and "30", 
key "" at index "30" and "31", 
key "" at index "31" and "32", 
key "" at index "32" and "33", 
key "" at index "33" and "34", 
key "" at index "34" and "35", 
key "" at index "35" and "36", 
key "" at index "36" and "37", 
key "" at index "37" and "38", 
key "" at index "38" and "39", 
key "" at index "39" and "40", 
key "" at index "40" and "41", 
key "" at index "41" and "42", 
key "" at index "42" and "43", 
key "" at index "43" and "44", 
key "" at index "44" and "45", 
key "" at index "45" and "46", 
key "" at index "46" and "47", 
key "" at index "47" and "48", 
key "" at index "48" and "49". Find more at https://v21.angular.dev/errors/NG0955

stderr | src/app/grading-list/grading-list.spec.ts > GradingListComponent > should show all gradings when showAll is called
NG0955: The provided track expression resulted in duplicated keys for a given collection. Adjust the tracking expression such that it uniquely identifies all the items in the collection. Duplicated keys were: 
key "" at index "0" and "1", 
key "" at index "1" and "2", 
key "" at index "2" and "3", 
key "" at index "3" and "4", 
key "" at index "4" and "5", 
key "" at index "5" and "6", 
key "" at index "6" and "7", 
key "" at index "7" and "8", 
key "" at index "8" and "9", 
key "" at index "9" and "10", 
key "" at index "10" and "11", 
key "" at index "11" and "12", 
key "" at index "12" and "13", 
key "" at index "13" and "14", 
key "" at index "14" and "15", 
key "" at index "15" and "16", 
key "" at index "16" and "17", 
key "" at index "17" and "18", 
key "" at index "18" and "19", 
key "" at index "19" and "20", 
key "" at index "20" and "21", 
key "" at index "21" and "22", 
key "" at index "22" and "23", 
key "" at index "23" and "24", 
key "" at index "24" and "25", 
key "" at index "25" and "26", 
key "" at index "26" and "27", 
key "" at index "27" and "28", 
key "" at index "28" and "29", 
key "" at index "29" and "30", 
key "" at index "30" and "31", 
key "" at index "31" and "32", 
key "" at index "32" and "33", 
key "" at index "33" and "34", 
key "" at index "34" and "35", 
key "" at index "35" and "36", 
key "" at index "36" and "37", 
key "" at index "37" and "38", 
key "" at index "38" and "39", 
key "" at index "39" and "40", 
key "" at index "40" and "41", 
key "" at index "41" and "42", 
key "" at index "42" and "43", 
key "" at index "43" and "44", 
key "" at index "44" and "45", 
key "" at index "45" and "46", 
key "" at index "46" and "47", 
key "" at index "47" and "48", 
key "" at index "48" and "49". Find more at https://v21.angular.dev/errors/NG0955
NG0955: The provided track expression resulted in duplicated keys for a given collection. Adjust the tracking expression such that it uniquely identifies all the items in the collection. Duplicated keys were: 
key "" at index "0" and "1", 
key "" at index "1" and "2", 
key "" at index "2" and "3", 
key "" at index "3" and "4", 
key "" at index "4" and "5", 
key "" at index "5" and "6", 
key "" at index "6" and "7", 
key "" at index "7" and "8", 
key "" at index "8" and "9", 
key "" at index "9" and "10", 
key "" at index "10" and "11", 
key "" at index "11" and "12", 
key "" at index "12" and "13", 
key "" at index "13" and "14", 
key "" at index "14" and "15", 
key "" at index "15" and "16", 
key "" at index "16" and "17", 
key "" at index "17" and "18", 
key "" at index "18" and "19", 
key "" at index "19" and "20", 
key "" at index "20" and "21", 
key "" at index "21" and "22", 
key "" at index "22" and "23", 
key "" at index "23" and "24", 
key "" at index "24" and "25", 
key "" at index "25" and "26", 
key "" at index "26" and "27", 
key "" at index "27" and "28", 
key "" at index "28" and "29", 
key "" at index "29" and "30", 
key "" at index "30" and "31", 
key "" at index "31" and "32", 
key "" at index "32" and "33", 
key "" at index "33" and "34", 
key "" at index "34" and "35", 
key "" at index "35" and "36", 
key "" at index "36" and "37", 
key "" at index "37" and "38", 
key "" at index "38" and "39", 
key "" at index "39" and "40", 
key "" at index "40" and "41", 
key "" at index "41" and "42", 
key "" at index "42" and "43", 
key "" at index "43" and "44", 
key "" at index "44" and "45", 
key "" at index "45" and "46", 
key "" at index "46" and "47", 
key "" at index "47" and "48", 
key "" at index "48" and "49", 
key "" at index "49" and "50", 
key "" at index "50" and "51", 
key "" at index "51" and "52", 
key "" at index "52" and "53", 
key "" at index "53" and "54", 
key "" at index "54" and "55", 
key "" at index "55" and "56", 
key "" at index "56" and "57", 
key "" at index "57" and "58", 
key "" at index "58" and "59". Find more at https://v21.angular.dev/errors/NG0955

 ✓ src/app/grading-list/grading-list.spec.ts (3 tests) 275ms
 ✓ src/app/autocomplete/autocomplete.spec.ts (1 test) 81ms
 ✓ src/app/school-edit/school-edit.spec.ts (4 tests) 253ms
 ✓ src/app/settings/backups/backups.spec.ts (1 test) 131ms
 ✓ src/app/calendar-view/calendar-view.spec.ts (1 test) 112ms
 ✓ src/app/settings/country-codes/country-codes.spec.ts (1 test) 66ms
 ✓ src/app/order-list/order-list.spec.ts (1 test) 114ms
 ✓ src/app/import-export/import-schools/import-schools.component.spec.ts (3 tests) 268ms
 ✓ src/app/import-export/import-members/import-members.component.spec.ts (13 tests) 532ms
 ✓ src/app/import-export/import-mapping/import-mapping.spec.ts (1 test) 108ms
 ✓ src/app/import-export/import-export.spec.ts (3 tests) 264ms
 ✓ src/app/routing.service.spec.ts (4 tests) 52ms
 ✓ src/app/settings/counters/counters.spec.ts (1 test) 85ms
 ✓ src/app/find-school/find-school.spec.ts (2 tests) 102ms
 ✓ src/app/profile-menu/profile-menu.spec.ts (1 test) 66ms
stdout | src/app/firebase-state.service.spec.ts > FirebaseStateService > should be created
FirebaseStateService: Persistence set to browserLocalPersistence

stdout | src/app/firebase-state.service.spec.ts > FirebaseStateService > should be created
FirebaseStateService: User is null or has no email, setting SignedOut state.

stdout | src/app/firebase-state.service.spec.ts > FirebaseStateService > should have a user signal that is initially null
FirebaseStateService: Persistence set to browserLocalPersistence

stdout | src/app/firebase-state.service.spec.ts > FirebaseStateService > should have a user signal that is initially null
FirebaseStateService: User is null or has no email, setting SignedOut state.

stdout | src/app/firebase-state.service.spec.ts > FirebaseStateService > should call loginWithGoogle when login is called
FirebaseStateService: Persistence set to browserLocalPersistence

stdout | src/app/firebase-state.service.spec.ts > FirebaseStateService > should call loginWithGoogle when login is called
FirebaseStateService: User is null or has no email, setting SignedOut state.

stdout | src/app/firebase-state.service.spec.ts > FirebaseStateService > should call loginWithEmail when loginWithEmail is called
FirebaseStateService: Persistence set to browserLocalPersistence

stdout | src/app/firebase-state.service.spec.ts > FirebaseStateService > should call loginWithEmail when loginWithEmail is called
FirebaseStateService: User is null or has no email, setting SignedOut state.

stdout | src/app/firebase-state.service.spec.ts > FirebaseStateService > should call signupWithEmail when signupWithEmail is called
FirebaseStateService: Persistence set to browserLocalPersistence

stdout | src/app/firebase-state.service.spec.ts > FirebaseStateService > should call signupWithEmail when signupWithEmail is called
FirebaseStateService: User is null or has no email, setting SignedOut state.

stdout | src/app/firebase-state.service.spec.ts > FirebaseStateService > should call signOut when logout is called
FirebaseStateService: Persistence set to browserLocalPersistence

stdout | src/app/firebase-state.service.spec.ts > FirebaseStateService > should call signOut when logout is called
FirebaseStateService: User is null or has no email, setting SignedOut state.

 ✓ src/app/searchable-set.spec.ts (7 tests) 8ms
 ✓ src/app/firebase-state.service.spec.ts (6 tests) 61ms
 ✓ src/app/routing.utils.spec.ts (11 tests) 8ms
 ✓ src/app/import-export/import-export-utils.spec.ts (10 tests) 8ms
 ✓ src/app/app.spec.ts (2 tests) 676ms
     ✓ should create the app  665ms
 ✓ src/app/import-export/import-orders/import-orders.component.spec.ts (19 tests) 1358ms

⎯⎯⎯⎯⎯⎯⎯ Failed Tests 4 ⎯⎯⎯⎯⎯⎯⎯

 FAIL  src/app/grading-edit/grading-edit.spec.ts > GradingEditComponent > should create
 FAIL  src/app/grading-edit/grading-edit.spec.ts > GradingEditComponent > should start collapsed
 FAIL  src/app/grading-edit/grading-edit.spec.ts > GradingEditComponent > should show edit controls for admin users
ɵNotFound: NG0201: No provider found for `InjectionToken routing.config`. Source: Standalone[GradingEditComponent2]. Path: RoutingService2 -> InjectionToken routing.config. Find more at https://v21.angular.dev/errors/NG0201
 ❯ createRuntimeError node_modules/.pnpm/@angular+core@21.1.1_@angular+compiler@21.1.1_rxjs@7.8.2/node_modules/@angular/core/fesm2022/_untracked-chunk.mjs:600:17
 ❯ NullInjector.get node_modules/.pnpm/@angular+core@21.1.1_@angular+compiler@21.1.1_rxjs@7.8.2/node_modules/@angular/core/fesm2022/_untracked-chunk.mjs:881:21
 ❯ R3Injector.get node_modules/.pnpm/@angular+core@21.1.1_@angular+compiler@21.1.1_rxjs@7.8.2/node_modules/@angular/core/fesm2022/_untracked-chunk.mjs:1206:27
 ❯ R3Injector.get node_modules/.pnpm/@angular+core@21.1.1_@angular+compiler@21.1.1_rxjs@7.8.2/node_modules/@angular/core/fesm2022/_untracked-chunk.mjs:1206:27
 ❯ R3Injector.retrieve node_modules/.pnpm/@angular+core@21.1.1_@angular+compiler@21.1.1_rxjs@7.8.2/node_modules/@angular/core/fesm2022/_untracked-chunk.mjs:1116:19
 ❯ injectInjectorOnly node_modules/.pnpm/@angular+core@21.1.1_@angular+compiler@21.1.1_rxjs@7.8.2/node_modules/@angular/core/fesm2022/_untracked-chunk.mjs:670:35
 ❯ ɵɵinject node_modules/.pnpm/@angular+core@21.1.1_@angular+compiler@21.1.1_rxjs@7.8.2/node_modules/@angular/core/fesm2022/_untracked-chunk.mjs:682:59
 ❯ Object.RoutingService2_Factory [as factory] ng:/RoutingService2/ɵfac.js:5:59
 ❯ node_modules/.pnpm/@angular+core@21.1.1_@angular+compiler@21.1.1_rxjs@7.8.2/node_modules/@angular/core/fesm2022/_untracked-chunk.mjs:1311:35
 ❯ runInInjectorProfilerContext node_modules/.pnpm/@angular+core@21.1.1_@angular+compiler@21.1.1_rxjs@7.8.2/node_modules/@angular/core/fesm2022/_untracked-chunk.mjs:442:5

⎯⎯⎯⎯⎯⎯⎯⎯⎯⎯⎯⎯⎯⎯⎯⎯⎯⎯⎯⎯⎯⎯⎯⎯[1/4]⎯

 FAIL  src/app/order-view/order-view.spec.ts > OrderView > should create
ɵNotFound: NG0201: No provider found for `InjectionToken routing.config`. Source: Standalone[OrderView2]. Path: RoutingService2 -> InjectionToken routing.config. Find more at https://v21.angular.dev/errors/NG0201
 ❯ createRuntimeError node_modules/.pnpm/@angular+core@21.1.1_@angular+compiler@21.1.1_rxjs@7.8.2/node_modules/@angular/core/fesm2022/_untracked-chunk.mjs:600:17
 ❯ NullInjector.get node_modules/.pnpm/@angular+core@21.1.1_@angular+compiler@21.1.1_rxjs@7.8.2/node_modules/@angular/core/fesm2022/_untracked-chunk.mjs:881:21
 ❯ R3Injector.get node_modules/.pnpm/@angular+core@21.1.1_@angular+compiler@21.1.1_rxjs@7.8.2/node_modules/@angular/core/fesm2022/_untracked-chunk.mjs:1206:27
 ❯ R3Injector.get node_modules/.pnpm/@angular+core@21.1.1_@angular+compiler@21.1.1_rxjs@7.8.2/node_modules/@angular/core/fesm2022/_untracked-chunk.mjs:1206:27
 ❯ R3Injector.retrieve node_modules/.pnpm/@angular+core@21.1.1_@angular+compiler@21.1.1_rxjs@7.8.2/node_modules/@angular/core/fesm2022/_untracked-chunk.mjs:1116:19
 ❯ injectInjectorOnly node_modules/.pnpm/@angular+core@21.1.1_@angular+compiler@21.1.1_rxjs@7.8.2/node_modules/@angular/core/fesm2022/_untracked-chunk.mjs:670:35
 ❯ ɵɵinject node_modules/.pnpm/@angular+core@21.1.1_@angular+compiler@21.1.1_rxjs@7.8.2/node_modules/@angular/core/fesm2022/_untracked-chunk.mjs:682:59
 ❯ Object.RoutingService2_Factory [as factory] ng:/RoutingService2/ɵfac.js:5:59
 ❯ node_modules/.pnpm/@angular+core@21.1.1_@angular+compiler@21.1.1_rxjs@7.8.2/node_modules/@angular/core/fesm2022/_untracked-chunk.mjs:1311:35
 ❯ runInInjectorProfilerContext node_modules/.pnpm/@angular+core@21.1.1_@angular+compiler@21.1.1_rxjs@7.8.2/node_modules/@angular/core/fesm2022/_untracked-chunk.mjs:442:5

⎯⎯⎯⎯⎯⎯⎯⎯⎯⎯⎯⎯⎯⎯⎯⎯⎯⎯⎯⎯⎯⎯⎯⎯[2/4]⎯


 Test Files  2 failed | 27 passed (29)
      Tests  4 failed | 109 passed (113)
   Start at  23:08:09
   Duration  5.18s (transform 7.01s, setup 10.19s, import 14.70s, tests 6.69s, environment 8.12s)

 ELIFECYCLE  Command failed with exit code 1.
 ELIFECYCLE  Test failed. See above for more details.
